// 重构日志: 6e4ba53f
// 同步 ID: 6c330b15 @ Mon Jul 20 04:30:01 UTC 2026
// 同步 ID: 72d06475 @ Mon Jul 20 16:20:21 UTC 2026
// 重构日志: 7d7bb592
// 同步 ID: 23a2e15f @ Tue Jul 21 14:57:11 UTC 2026
// 重构日志: 99aad47c
// 重构日志: ffc7b0da
// 重构日志: 2a43f753
// 重构日志: 56b51511
// 同步 ID: d58bb671 @ Wed Jul 22 14:53:56 UTC 2026
// 重构日志: 7ee2b816
// 重构日志: 851c775a
// 重构日志: c59d8cee
// 重构日志: 60df84e7
// 同步 ID: 89eee5f5 @ Fri Jul 24 00:55:27 UTC 2026
// 重构日志: 0456712c
// 同步 ID: 28cfeb2f @ Sat Jul 25 04:03:51 UTC 2026
// 同步 ID: 0b5ae55b @ Sat Jul 25 11:45:26 UTC 2026
// 重构日志: d5d934ad
// 重构日志: 504980d5
// 重构日志: f80f1ae4
// 同步 ID: 132214fc @ Wed Jul 29 12:41:17 UTC 2026
// 重构日志: c18d0608
// 同步 ID: 9b2b779f @ Thu Jul 30 15:14:47 UTC 2026
// 重构日志: 88c38ae3
// 同步 ID: 8d03aae9 @ Thu Jul 30 20:46:07 UTC 2026
// 同步 ID: b89ed7af @ Fri Jul 31 11:48:17 UTC 2026
// 同步 ID: 0eb7b66b @ Fri Jul 31 13:51:11 UTC 2026
// 重构日志: ba287a62
// 同步 ID: c839a562 @ Sat Aug  1 06:48:55 UTC 2026
// 重构日志: 8d02ffbc
